Release 14.7 - xst P.20131013 (nt64)
Copyright (c) 1995-2013 Xilinx, Inc.  All rights reserved.
--> Parameter TMPDIR set to xst/projnav.tmp


Total REAL time to Xst completion: 0.00 secs
Total CPU time to Xst completion: 0.10 secs
 
--> Parameter xsthdpdir set to xst


Total REAL time to Xst completion: 0.00 secs
Total CPU time to Xst completion: 0.10 secs
 
--> Reading design: Avalon_Master.prj

TABLE OF CONTENTS
  1) Synthesis Options Summary
  2) HDL Parsing
  3) HDL Elaboration
  4) HDL Synthesis
       4.1) HDL Synthesis Report
  5) Advanced HDL Synthesis
       5.1) Advanced HDL Synthesis Report
  6) Low Level Synthesis
  7) Partition Report
  8) Design Summary
       8.1) Primitive and Black Box Usage
       8.2) Device utilization summary
       8.3) Partition Resource Summary
       8.4) Timing Report
            8.4.1) Clock Information
            8.4.2) Asynchronous Control Signals Information
            8.4.3) Timing Summary
            8.4.4) Timing Details
            8.4.5) Cross Clock Domains Report


=========================================================================
*                      Synthesis Options Summary                        *
=========================================================================
---- Source Parameters
Input File Name                    : "Avalon_Master.prj"
Ignore Synthesis Constraint File   : NO

---- Target Parameters
Output File Name                   : "Avalon_Master"
Output Format                      : NGC
Target Device                      : xc6slx9-2-tqg144

---- Source Options
Top Module Name                    : Avalon_Master
Automatic FSM Extraction           : YES
FSM Encoding Algorithm             : Auto
Safe Implementation                : No
FSM Style                          : LUT
RAM Extraction                     : Yes
RAM Style                          : Auto
ROM Extraction                     : Yes
Shift Register Extraction          : YES
ROM Style                          : Auto
Resource Sharing                   : YES
Asynchronous To Synchronous        : NO
Shift Register Minimum Size        : 2
Use DSP Block                      : Auto
Automatic Register Balancing       : No

---- Target Options
LUT Combining                      : Auto
Reduce Control Sets                : Auto
Add IO Buffers                     : YES
Global Maximum Fanout              : 100000
Add Generic Clock Buffer(BUFG)     : 16
Register Duplication               : YES
Optimize Instantiated Primitives   : NO
Use Clock Enable                   : Auto
Use Synchronous Set                : Auto
Use Synchronous Reset              : Auto
Pack IO Registers into IOBs        : Auto
Equivalent register Removal        : YES

---- General Options
Optimization Goal                  : Speed
Optimization Effort                : 1
Power Reduction                    : NO
Keep Hierarchy                     : No
Netlist Hierarchy                  : As_Optimized
RTL Output                         : Yes
Global Optimization                : AllClockNets
Read Cores                         : YES
Write Timing Constraints           : NO
Cross Clock Analysis               : NO
Hierarchy Separator                : /
Bus Delimiter                      : <>
Case Specifier                     : Maintain
Slice Utilization Ratio            : 100
BRAM Utilization Ratio             : 100
DSP48 Utilization Ratio            : 100
Auto BRAM Packing                  : NO
Slice Utilization Ratio Delta      : 5

=========================================================================


=========================================================================
*                          HDL Parsing                                  *
=========================================================================
Parsing VHDL file "C:\Users\User\Documents\ISE_Project\AMS\Avalon_Master.vhd" into library work
Parsing entity <Avalon_Master>.
Parsing architecture <Behavioral> of entity <avalon_master>.

=========================================================================
*                            HDL Elaboration                            *
=========================================================================

Elaborating entity <Avalon_Master> (architecture <Behavioral>) with generics from library <work>.

=========================================================================
*                           HDL Synthesis                               *
=========================================================================

Synthesizing Unit <Avalon_Master>.
    Related source file is "C:\Users\User\Documents\ISE_Project\AMS\Avalon_Master.vhd".
        AVM_AVALONMASTER_DATA_WIDTH = 16
        AVM_AVALONMASTER_ADDRESS_WIDTH = 16
WARNING:Xst:647 - Input <AVM_AVALONMASTER_READDATA<15:8>> is never used. This port will be preserved and left unconnected if it belongs to a top-level block or it belongs to a sub-block and the hierarchy of this sub-block is preserved.
    Found 1-bit register for signal <AVM_AVALONMASTER_WRITE>.
    Found 16-bit register for signal <AVM_AVALONMASTER_ADDRESS>.
    Found 1-bit register for signal <AVM_AVALONMASTER_READ>.
    Summary:
	inferred  18 D-type flip-flop(s).
	inferred   1 Multiplexer(s).
Unit <Avalon_Master> synthesized.

=========================================================================
HDL Synthesis Report

Macro Statistics
# Registers                                            : 3
 1-bit register                                        : 2
 16-bit register                                       : 1
# Multiplexers                                         : 1
 16-bit 2-to-1 multiplexer                             : 1

=========================================================================

=========================================================================
*                       Advanced HDL Synthesis                          *
=========================================================================


=========================================================================
Advanced HDL Synthesis Report

Macro Statistics
# Registers                                            : 18
 Flip-Flops                                            : 18
# Multiplexers                                         : 1
 16-bit 2-to-1 multiplexer                             : 1

=========================================================================

=========================================================================
*                         Low Level Synthesis                           *
=========================================================================

Optimizing unit <Avalon_Master> ...

Mapping all equations...
Building and optimizing final netlist ...
Found area constraint ratio of 100 (+ 5) on block Avalon_Master, actual ratio is 0.

Final Macro Processing ...

=========================================================================
Final Register Report

Macro Statistics
# Registers                                            : 18
 Flip-Flops                                            : 18

=========================================================================

=========================================================================
*                           Partition Report                            *
=========================================================================

Partition Implementation Status
-------------------------------

  No Partitions were found in this design.

-------------------------------

=========================================================================
*                            Design Summary                             *
=========================================================================

Top Level Output File Name         : Avalon_Master.ngc

Primitive and Black Box Usage:
------------------------------
# BELS                             : 18
#      GND                         : 1
#      LUT2                        : 1
#      LUT3                        : 16
# FlipFlops/Latches                : 18
#      FDE                         : 16
#      FDR                         : 2
# Clock Buffers                    : 1
#      BUFGP                       : 1
# IO Buffers                       : 94
#      IBUF                        : 51
#      OBUF                        : 43

Device utilization summary:
---------------------------

Selected Device : 6slx9tqg144-2 


Slice Logic Utilization: 
 Number of Slice LUTs:                   17  out of   5720     0%  
    Number used as Logic:                17  out of   5720     0%  

Slice Logic Distribution: 
 Number of LUT Flip Flop pairs used:     17
   Number with an unused Flip Flop:      17  out of     17   100%  
   Number with an unused LUT:             0  out of     17     0%  
   Number of fully used LUT-FF pairs:     0  out of     17     0%  
   Number of unique control sets:         2

IO Utilization: 
 Number of IOs:                         103
 Number of bonded IOBs:                  95  out of    102    93%  
    IOB Flip Flops/Latches:              18

Specific Feature Utilization:
 Number of BUFG/BUFGCTRLs:                1  out of     16     6%  

---------------------------
Partition Resource Summary:
---------------------------

  No Partitions were found in this design.

---------------------------


=========================================================================
Timing Report

NOTE: THESE TIMING NUMBERS ARE ONLY A SYNTHESIS ESTIMATE.
      FOR ACCURATE TIMING INFORMATION PLEASE REFER TO THE TRACE REPORT
      GENERATED AFTER PLACE-and-ROUTE.

Clock Information:
------------------
-----------------------------------+------------------------+-------+
Clock Signal                       | Clock buffer(FF name)  | Load  |
-----------------------------------+------------------------+-------+
CSI_CLOCK_CLK                      | BUFGP                  | 18    |
-----------------------------------+------------------------+-------+

Asynchronous Control Signals Information:
----------------------------------------
No asynchronous control signals found in this design

Timing Summary:
---------------
Speed Grade: -2

   Minimum period: No path found
   Minimum input arrival time before clock: 4.430ns
   Maximum output required time after clock: 4.118ns
   Maximum combinational path delay: 5.500ns

Timing Details:
---------------
All values displayed in nanoseconds (ns)

=========================================================================
Timing constraint: Default OFFSET IN BEFORE for Clock 'CSI_CLOCK_CLK'
  Total number of paths / destination ports: 84 / 36
-------------------------------------------------------------------------
Offset:              4.430ns (Levels of Logic = 2)
  Source:            ReadEn (PAD)
  Destination:       AVM_AVALONMASTER_ADDRESS_0 (FF)
  Destination Clock: CSI_CLOCK_CLK rising

  Data Path: ReadEn to AVM_AVALONMASTER_ADDRESS_0
                                Gate     Net
    Cell:in->out      fanout   Delay   Delay  Logical Name (Net Name)
    ----------------------------------------  ------------
     IBUF:I->O            19   1.328   1.369  ReadEn_IBUF (AVM_AVALONMASTER_WAITREQUEST_OBUF)
     LUT2:I0->O           16   0.250   1.181  _n0026_inv1 (_n0026_inv)
     FDE:CE                    0.302          AVM_AVALONMASTER_ADDRESS_0
    ----------------------------------------
    Total                      4.430ns (1.880ns logic, 2.550ns route)
                                       (42.4% logic, 57.6% route)

=========================================================================
Timing constraint: Default OFFSET OUT AFTER for Clock 'CSI_CLOCK_CLK'
  Total number of paths / destination ports: 18 / 18
-------------------------------------------------------------------------
Offset:              4.118ns (Levels of Logic = 1)
  Source:            AVM_AVALONMASTER_ADDRESS_15 (FF)
  Destination:       AVM_AVALONMASTER_ADDRESS<15> (PAD)
  Source Clock:      CSI_CLOCK_CLK rising

  Data Path: AVM_AVALONMASTER_ADDRESS_15 to AVM_AVALONMASTER_ADDRESS<15>
                                Gate     Net
    Cell:in->out      fanout   Delay   Delay  Logical Name (Net Name)
    ----------------------------------------  ------------
     FDE:C->Q              1   0.525   0.681  AVM_AVALONMASTER_ADDRESS_15 (AVM_AVALONMASTER_ADDRESS_15)
     OBUF:I->O                 2.912          AVM_AVALONMASTER_ADDRESS_15_OBUF (AVM_AVALONMASTER_ADDRESS<15>)
    ----------------------------------------
    Total                      4.118ns (3.437ns logic, 0.681ns route)
                                       (83.5% logic, 16.5% route)

=========================================================================
Timing constraint: Default path analysis
  Total number of paths / destination ports: 17 / 17
-------------------------------------------------------------------------
Delay:               5.500ns (Levels of Logic = 2)
  Source:            ReadEn (PAD)
  Destination:       AVM_AVALONMASTER_WAITREQUEST (PAD)

  Data Path: ReadEn to AVM_AVALONMASTER_WAITREQUEST
                                Gate     Net
    Cell:in->out      fanout   Delay   Delay  Logical Name (Net Name)
    ----------------------------------------  ------------
     IBUF:I->O            19   1.328   1.260  ReadEn_IBUF (AVM_AVALONMASTER_WAITREQUEST_OBUF)
     OBUF:I->O                 2.912          AVM_AVALONMASTER_WAITREQUEST_OBUF (AVM_AVALONMASTER_WAITREQUEST)
    ----------------------------------------
    Total                      5.500ns (4.240ns logic, 1.260ns route)
                                       (77.1% logic, 22.9% route)

=========================================================================

Cross Clock Domains Report:
--------------------------

=========================================================================


Total REAL time to Xst completion: 4.00 secs
Total CPU time to Xst completion: 3.98 secs
 
--> 

Total memory usage is 4486348 kilobytes

Number of errors   :    0 (   0 filtered)
Number of warnings :    1 (   0 filtered)
Number of infos    :    0 (   0 filtered)

